// Jest Snapshot v1, https://goo.gl/fbAQLP

exports[`renders correctly 1`] = `
<View
  collapsable={undefined}
  style={
    Object {
      "backgroundColor": "rgba(52, 52, 52, 0.8)",
      "height": 1334,
      "paddingLeft": 10,
      "position": "absolute",
      "right": 0,
      "top": 0,
      "transform": Array [
        Object {
          "translateX": undefined,
        },
      ],
      "width": 500,
    }
  }
>
  <RCTScrollView
    data={undefined}
    disableVirtualization={false}
    getItem={[Function]}
    getItemCount={[Function]}
    horizontal={false}
    initialNumToRender={10}
    invertStickyHeaders={undefined}
    keyExtractor={[Function]}
    maxToRenderPerBatch={10}
    numColumns={1}
    onContentSizeChange={[Function]}
    onEndReachedThreshold={2}
    onLayout={[Function]}
    onMomentumScrollEnd={[Function]}
    onScroll={[Function]}
    onScrollBeginDrag={[Function]}
    onScrollEndDrag={[Function]}
    renderItem={[Function]}
    scrollEventThrottle={50}
    stickyHeaderIndices={Array []}
    updateCellsBatchingPeriod={50}
    viewabilityConfigCallbackPairs={Array []}
    windowSize={21}
  >
    <View />
  </RCTScrollView>
</View>
`;
